This is pdfTeX, Version 3.141592653-2.6-1.40.29 (TeX Live 2026/Arch Linux) (preloaded format=pdflatex 2026.6.17)  14 JUL 2026 13:07
entering extended mode
 restricted \write18 enabled.
 %&-line parsing enabled.
**main
(./main.tex
LaTeX2e <2025-11-01>
L3 programming layer <2026-01-19>
(/usr/share/texmf-dist/tex/latex/base/article.cls
Document Class: article 2025/01/22 v1.4n Standard LaTeX document class
(/usr/share/texmf-dist/tex/latex/base/size11.clo
File: size11.clo 2025/01/22 v1.4n Standard LaTeX file (size option)
)
\c@part=\count275
\c@section=\count276
\c@subsection=\count277
\c@subsubsection=\count278
\c@paragraph=\count279
\c@subparagraph=\count280
\c@figure=\count281
\c@table=\count282
\abovecaptionskip=\skip49
\belowcaptionskip=\skip50
\bibindent=\dimen148
)
(/usr/share/texmf-dist/tex/latex/geometry/geometry.sty
Package: geometry 2020/01/02 v5.9 Page Geometry

(/usr/share/texmf-dist/tex/latex/graphics/keyval.sty
Package: keyval 2022/05/29 v1.15 key=value parser (DPC)
\KV@toks@=\toks17
)
(/usr/share/texmf-dist/tex/generic/iftex/ifvtex.sty
Package: ifvtex 2019/10/25 v1.7 ifvtex legacy package. Use iftex instead.

(/usr/share/texmf-dist/tex/generic/iftex/iftex.sty
Package: iftex 2024/12/12 v1.0g TeX engine tests
))
\Gm@cnth=\count283
\Gm@cntv=\count284
\c@Gm@tempcnt=\count285
\Gm@bindingoffset=\dimen149
\Gm@wd@mp=\dimen150
\Gm@odd@mp=\dimen151
\Gm@even@mp=\dimen152
\Gm@layoutwidth=\dimen153
\Gm@layoutheight=\dimen154
\Gm@layouthoffset=\dimen155
\Gm@layoutvoffset=\dimen156
\Gm@dimlist=\toks18
)
(/usr/share/texmf-dist/tex/latex/graphics/graphicx.sty
Package: graphicx 2024/12/31 v1.2e Enhanced LaTeX Graphics (DPC,SPQR)

(/usr/share/texmf-dist/tex/latex/graphics/graphics.sty
Package: graphics 2024/08/06 v1.4g Standard LaTeX Graphics (DPC,SPQR)

(/usr/share/texmf-dist/tex/latex/graphics/trig.sty
Package: trig 2023/12/02 v1.11 sin cos tan (DPC)
)
(/usr/share/texmf-dist/tex/latex/graphics-cfg/graphics.cfg
File: graphics.cfg 2016/06/04 v1.11 sample graphics configuration
)
Package graphics Info: Driver file: pdftex.def on input line 106.

(/usr/share/texmf-dist/tex/latex/graphics-def/pdftex.def
File: pdftex.def 2025/09/29 v1.2d Graphics/color driver for pdftex
))
\Gin@req@height=\dimen157
\Gin@req@width=\dimen158
)
(/usr/share/texmf-dist/tex/latex/amsmath/amsmath.sty
Package: amsmath 2025/07/09 v2.17z AMS math features
\@mathmargin=\skip51

For additional information on amsmath, use the `?' option.
(/usr/share/texmf-dist/tex/latex/amsmath/amstext.sty
Package: amstext 2024/11/17 v2.01 AMS text

(/usr/share/texmf-dist/tex/latex/amsmath/amsgen.sty
File: amsgen.sty 1999/11/30 v2.0 generic functions
\@emptytoks=\toks19
\ex@=\dimen159
))
(/usr/share/texmf-dist/tex/latex/amsmath/amsbsy.sty
Package: amsbsy 1999/11/29 v1.2d Bold Symbols
\pmbraise@=\dimen160
)
(/usr/share/texmf-dist/tex/latex/amsmath/amsopn.sty
Package: amsopn 2022/04/08 v2.04 operator names
)
\inf@bad=\count286
LaTeX Info: Redefining \frac on input line 233.
\uproot@=\count287
\leftroot@=\count288
LaTeX Info: Redefining \overline on input line 398.
LaTeX Info: Redefining \colon on input line 409.
\classnum@=\count289
\DOTSCASE@=\count290
LaTeX Info: Redefining \ldots on input line 495.
LaTeX Info: Redefining \dots on input line 498.
LaTeX Info: Redefining \cdots on input line 619.
\Mathstrutbox@=\box53
\strutbox@=\box54
LaTeX Info: Redefining \big on input line 721.
LaTeX Info: Redefining \Big on input line 722.
LaTeX Info: Redefining \bigg on input line 723.
LaTeX Info: Redefining \Bigg on input line 724.
\big@size=\dimen161
LaTeX Font Info:    Redeclaring font encoding OML on input line 742.
LaTeX Font Info:    Redeclaring font encoding OMS on input line 743.
\macc@depth=\count291
LaTeX Info: Redefining \bmod on input line 904.
LaTeX Info: Redefining \pmod on input line 909.
LaTeX Info: Redefining \smash on input line 939.
LaTeX Info: Redefining \relbar on input line 969.
LaTeX Info: Redefining \Relbar on input line 970.
\c@MaxMatrixCols=\count292
\dotsspace@=\muskip17
\c@parentequation=\count293
\dspbrk@lvl=\count294
\tag@help=\toks20
\row@=\count295
\column@=\count296
\maxfields@=\count297
\andhelp@=\toks21
\eqnshift@=\dimen162
\alignsep@=\dimen163
\tagshift@=\dimen164
\tagwidth@=\dimen165
\totwidth@=\dimen166
\lineht@=\dimen167
\@envbody=\toks22
\multlinegap=\skip52
\multlinetaggap=\skip53
\mathdisplay@stack=\toks23
LaTeX Info: Redefining \[ on input line 2950.
LaTeX Info: Redefining \] on input line 2951.
)
(/usr/share/texmf-dist/tex/latex/amsfonts/amssymb.sty
Package: amssymb 2013/01/14 v3.01 AMS font symbols

(/usr/share/texmf-dist/tex/latex/amsfonts/amsfonts.sty
Package: amsfonts 2013/01/14 v3.01 Basic AMSFonts support
\symAMSa=\mathgroup4
\symAMSb=\mathgroup5
LaTeX Font Info:    Redeclaring math symbol \hbar on input line 98.
LaTeX Font Info:    Overwriting math alphabet `\mathfrak' in version `bold'
(Font)                  U/euf/m/n --> U/euf/b/n on input line 106.
))
(/usr/share/texmf-dist/tex/latex/url/url.sty
\Urlmuskip=\muskip18
Package: url 2013/09/16  ver 3.4  Verb mode for urls, etc.
)
(/usr/share/texmf-dist/tex/latex/tools/array.sty
Package: array 2025/09/25 v2.6n Tabular extension package (FMi)
\col@sep=\dimen168
\ar@mcellbox=\box55
\extrarowheight=\dimen169
\NC@list=\toks24
\extratabsurround=\skip54
\backup@length=\skip55
\ar@cellbox=\box56
)
(/usr/share/texmf-dist/tex/latex/l3backend/l3backend-pdftex.def
File: l3backend-pdftex.def 2025-10-09 L3 backend support: PDF output (pdfTeX)
\l__color_backend_stack_int=\count298
) (./main.aux)
\openout1 = `main.aux'.

LaTeX Font Info:    Checking defaults for OML/cmm/m/it on input line 25.
LaTeX Font Info:    ... okay on input line 25.
LaTeX Font Info:    Checking defaults for OMS/cmsy/m/n on input line 25.
LaTeX Font Info:    ... okay on input line 25.
LaTeX Font Info:    Checking defaults for OT1/cmr/m/n on input line 25.
LaTeX Font Info:    ... okay on input line 25.
LaTeX Font Info:    Checking defaults for T1/cmr/m/n on input line 25.
LaTeX Font Info:    ... okay on input line 25.
LaTeX Font Info:    Checking defaults for TS1/cmr/m/n on input line 25.
LaTeX Font Info:    ... okay on input line 25.
LaTeX Font Info:    Checking defaults for OMX/cmex/m/n on input line 25.
LaTeX Font Info:    ... okay on input line 25.
LaTeX Font Info:    Checking defaults for U/cmr/m/n on input line 25.
LaTeX Font Info:    ... okay on input line 25.

*geometry* driver: auto-detecting
*geometry* detected driver: pdftex
*geometry* verbose mode - [ preamble ] result:
* driver: pdftex
* paper: a4paper
* layout: <same size as paper>
* layoutoffset:(h,v)=(0.0pt,0.0pt)
* modes: 
* h-part:(L,W,R)=(72.26999pt, 452.9679pt, 72.26999pt)
* v-part:(T,H,B)=(72.26999pt, 700.50687pt, 72.26999pt)
* \paperwidth=597.50787pt
* \paperheight=845.04684pt
* \textwidth=452.9679pt
* \textheight=700.50687pt
* \oddsidemargin=0.0pt
* \evensidemargin=0.0pt
* \topmargin=-37.0pt
* \headheight=12.0pt
* \headsep=25.0pt
* \topskip=11.0pt
* \footskip=30.0pt
* \marginparwidth=50.0pt
* \marginparsep=10.0pt
* \columnsep=10.0pt
* \skip\footins=10.0pt plus 4.0pt minus 2.0pt
* \hoffset=0.0pt
* \voffset=0.0pt
* \mag=1000
* \@twocolumnfalse
* \@twosidefalse
* \@mparswitchfalse
* \@reversemarginfalse
* (1in=72.27pt=25.4mm, 1cm=28.453pt)

(/usr/share/texmf-dist/tex/context/base/mkii/supp-pdf.mkii
[Loading MPS to PDF converter (version 2006.09.02).]
\scratchcounter=\count299
\scratchdimen=\dimen170
\scratchbox=\box57
\nofMPsegments=\count300
\nofMParguments=\count301
\everyMPshowfont=\toks25
\MPscratchCnt=\count302
\MPscratchDim=\dimen171
\MPnumerator=\count303
\makeMPintoPDFobject=\count304
\everyMPtoPDFconversion=\toks26
) (/usr/share/texmf-dist/tex/latex/epstopdf-pkg/epstopdf-base.sty
Package: epstopdf-base 2020-01-24 v2.11 Base part for package epstopdf
Package epstopdf-base Info: Redefining graphics rule for `.eps' on input line 4
85.

(/usr/share/texmf-dist/tex/latex/latexconfig/epstopdf-sys.cfg
File: epstopdf-sys.cfg 2010/07/13 v1.3 Configuration of (r)epstopdf for TeX Liv
e
))
LaTeX Font Info:    Trying to load font information for U+msa on input line 26.


(/usr/share/texmf-dist/tex/latex/amsfonts/umsa.fd
File: umsa.fd 2013/01/14 v3.01 AMS symbols A
)
LaTeX Font Info:    Trying to load font information for U+msb on input line 26.


(/usr/share/texmf-dist/tex/latex/amsfonts/umsb.fd
File: umsb.fd 2013/01/14 v3.01 AMS symbols B
)
Overfull \hbox (1.90254pt too wide) in paragraph at lines 65--78
\OT1/cmr/m/n/10.95 men-da-tion, and se-man-tic search [[], [], []]. Pro-duc-tio
n en-gines typ-i-cally tra-verse HNSW graphs [[]],
 []

[1

{/var/lib/texmf/fonts/map/pdftex/updmap/pdftex.map}] [2]
Overfull \hbox (23.39165pt too wide) in paragraph at lines 175--179
\OT1/cmr/m/n/10.95 Constraints mir-ror dense lo-cal search: no quan-ti-za-tion/
turbo, no si-mul-ta-ne-ous \OT1/cmtt/m/n/10.95 with[]dims[]explained
 []


Overfull \hbox (102.40088pt too wide) in paragraph at lines 230--236
 \OT1/cmr/bx/n/10.95 Masked-distance suite.[] \OT1/cmr/m/n/10.95 HTTP against a
 re-lease XQ-drant bi-nary, typ-i-cally with \OT1/cmtt/m/n/10.95 XQDRANT[]MASKE
D[]KERNEL=gather\OT1/cmr/m/n/10.95 .
 []


Overfull \hbox (28.80127pt too wide) in paragraph at lines 230--236
\OT1/cmr/m/n/10.95 Cor-pora: SIFT1M ($\OML/cmm/m/it/10.95 D[]\OT1/cmr/m/n/10.95
 128$) and syn-thetic $\OML/cmm/m/it/10.95 N[]\OT1/cmr/m/n/10.95 50k$ at $\OML/
cmm/m/it/10.95 D \OMS/cmsy/m/n/10.95 2 f\OT1/cmr/m/n/10.95 768\OML/cmm/m/it/10.
95 ; \OT1/cmr/m/n/10.95 1536\OMS/cmsy/m/n/10.95 g$\OT1/cmr/m/n/10.95 , $\OML/cm
m/m/it/10.95 Q[]\OT1/cmr/m/n/10.95 500$, $\OML/cmm/m/it/10.95 k[]\OT1/cmr/m/n/1
0.95 10$, $[][]128$.
 []

[3]
<figures/plot1_latency_recall_d768.pdf, id=28, 443.97118pt x 342.17525pt>
File: figures/plot1_latency_recall_d768.pdf Graphic file (type pdf)
<use figures/plot1_latency_recall_d768.pdf>
Package pdftex.def Info: figures/plot1_latency_recall_d768.pdf  used on input l
ine 251.
(pdftex.def)             Requested size: 416.72963pt x 321.18008pt.
<figures/plot3_attribution_depth_d768.pdf, id=29, 491.9184pt x 313.31177pt>
File: figures/plot3_attribution_depth_d768.pdf Graphic file (type pdf)
<use figures/plot3_attribution_depth_d768.pdf>
Package pdftex.def Info: figures/plot3_attribution_depth_d768.pdf  used on inpu
t line 259.
(pdftex.def)             Requested size: 416.72963pt x 265.42703pt.
<figures/plot4_subspace_speedup_d768.pdf, id=30, 457.36496pt x 342.15956pt>
File: figures/plot4_subspace_speedup_d768.pdf Graphic file (type pdf)
<use figures/plot4_subspace_speedup_d768.pdf>
Package pdftex.def Info: figures/plot4_subspace_speedup_d768.pdf  used on input
 line 266.
(pdftex.def)             Requested size: 416.72963pt x 311.7729pt.

Overfull \hbox (100.34827pt too wide) in paragraph at lines 274--277
\OT1/cmr/m/n/10.95 Figure 5[]: on SIFT1M, all-layer masked search vs. \OT1/cmr/
m/it/10.95 full \OT1/cmr/m/n/10.95 ground truth yields Re-call@10 $\OMS/cmsy/m/
n/10.95 ^^Y \OT1/cmr/m/n/10.95 0\OML/cmm/m/it/10.95 :\OT1/cmr/m/n/10.95 006\OML
/cmm/m/it/10.95 =\OT1/cmr/m/n/10.95 0\OML/cmm/m/it/10.95 :\OT1/cmr/m/n/10.95 07
9\OML/cmm/m/it/10.95 =\OT1/cmr/m/n/10.95 0\OML/cmm/m/it/10.95 :\OT1/cmr/m/n/10.
95 257\OML/cmm/m/it/10.95 =\OT1/cmr/m/n/10.95 0\OML/cmm/m/it/10.95 :\OT1/cmr/m/
n/10.95 464\OML/cmm/m/it/10.95 =\OT1/cmr/m/n/10.95 0\OML/cmm/m/it/10.95 :\OT1/c
mr/m/n/10.95 989$
 []

<figures/fig_option1_sift.png, id=31, 494.3268pt x 349.7868pt>
File: figures/fig_option1_sift.png Graphic file (type png)
<use figures/fig_option1_sift.png>
Package pdftex.def Info: figures/fig_option1_sift.png  used on input line 280.
(pdftex.def)             Requested size: 416.72963pt x 294.88637pt.
<figures/fig_option2_sift_recall.png, id=33, 501.072pt x 494.3268pt>
File: figures/fig_option2_sift_recall.png Graphic file (type png)
<use figures/fig_option2_sift_recall.png>
Package pdftex.def Info: figures/fig_option2_sift_recall.png  used on input lin
e 300.
(pdftex.def)             Requested size: 217.42265pt x 214.49487pt.
<figures/fig_option2_d768_recall.png, id=34, 503.7219pt x 494.3268pt>
File: figures/fig_option2_d768_recall.png Graphic file (type png)
<use figures/fig_option2_d768_recall.png>
Package pdftex.def Info: figures/fig_option2_d768_recall.png  used on input lin
e 305.
(pdftex.def)             Requested size: 217.42265pt x 213.36345pt.
<figures/fig_option2_sift_speedup.png, id=35, 502.5174pt x 494.3268pt>
File: figures/fig_option2_sift_speedup.png Graphic file (type png)
<use figures/fig_option2_sift_speedup.png>
Package pdftex.def Info: figures/fig_option2_sift_speedup.png  used on input li
ne 314.
(pdftex.def)             Requested size: 416.72963pt x 409.94415pt.
[4 <./figures/plot1_latency_recall_d768.pdf>]
<figures/fig_xcut1_kernels.png, id=87, 494.0859pt x 349.7868pt>
File: figures/fig_xcut1_kernels.png Graphic file (type png)
<use figures/fig_xcut1_kernels.png>
Package pdftex.def Info: figures/fig_xcut1_kernels.png  used on input line 328.

(pdftex.def)             Requested size: 416.72963pt x 295.03581pt.
<figures/fig_xcut2_sift.png, id=88, 494.3268pt x 349.7868pt>
File: figures/fig_xcut2_sift.png Graphic file (type png)
<use figures/fig_xcut2_sift.png>
Package pdftex.def Info: figures/fig_xcut2_sift.png  used on input line 344.
(pdftex.def)             Requested size: 217.42265pt x 153.84796pt.
<figures/fig_xcut2_d768.png, id=89, 494.3268pt x 349.7868pt>
File: figures/fig_xcut2_d768.png Graphic file (type png)
<use figures/fig_xcut2_d768.png>
Package pdftex.def Info: figures/fig_xcut2_d768.png  used on input line 349.
(pdftex.def)             Requested size: 217.42265pt x 153.84796pt.
<figures/fig_xcut3_sift_full.png, id=90, 494.3268pt x 349.7868pt>
File: figures/fig_xcut3_sift_full.png Graphic file (type png)
<use figures/fig_xcut3_sift_full.png>
Package pdftex.def Info: figures/fig_xcut3_sift_full.png  used on input line 37
0.
(pdftex.def)             Requested size: 217.42265pt x 153.84796pt.
<figures/fig_xcut3_d768_full.png, id=91, 494.3268pt x 349.7868pt>
File: figures/fig_xcut3_d768_full.png Graphic file (type png)
<use figures/fig_xcut3_d768_full.png>
Package pdftex.def Info: figures/fig_xcut3_d768_full.png  used on input line 37
5.
(pdftex.def)             Requested size: 217.42265pt x 153.84796pt.
<figures/fig_option4_sift.png, id=92, 494.3268pt x 349.7868pt>
File: figures/fig_option4_sift.png Graphic file (type png)
<use figures/fig_option4_sift.png>
Package pdftex.def Info: figures/fig_option4_sift.png  used on input line 391.
(pdftex.def)             Requested size: 416.72963pt x 294.88637pt.
 [5 <./figures/plot3_attribution_depth_d768.pdf>] [6 <./figures/plot4_subspace_
speedup_d768.pdf>] [7 <./figures/fig_option1_sift.png>] [8 <./figures/fig_optio
n2_sift_recall.png> <./figures/fig_option2_d768_recall.png>]
Underfull \hbox (badness 4242) in paragraph at lines 546--550
[]\OT1/cmr/m/n/10.95 XQdrant Con-trib-u-tors. XQ-drant: Di-men-sion ex-plain-ab
il-ity and masked-distance
 []

[9 <./figures/fig_option2_sift_speedup.png>] [10 <./figures/fig_xcut1_kernels.p
ng> <./figures/fig_xcut2_sift.png> <./figures/fig_xcut2_d768.png>] [11 <./figur
es/fig_xcut3_sift_full.png> <./figures/fig_xcut3_d768_full.png> <./figures/fig_
option4_sift.png>] (./main.aux)
 ***********
LaTeX2e <2025-11-01>
L3 programming layer <2026-01-19>
 ***********
 ) 
Here is how much of TeX's memory you used:
 3473 strings out of 469515
 52202 string characters out of 5470807
 458862 words of memory out of 5000000
 32096 multiletter control sequences out of 15000+600000
 643034 words of font info for 97 fonts, out of 8000000 for 9000
 14 hyphenation exceptions out of 8191
 57i,12n,65p,272b,304s stack positions out of 10000i,1000n,20000p,200000b,200000s
 </home/golden5ragon/.texlive/texmf-var/fonts/pk/ljfour/jknappen/ec/tcrm1095.
600pk></usr/share/texmf-dist/fonts/type1/public/amsfonts/cm/cmbx10.pfb></usr/sh
are/texmf-dist/fonts/type1/public/amsfonts/cm/cmbx12.pfb></usr/share/texmf-dist
/fonts/type1/public/amsfonts/cm/cmcsc10.pfb></usr/share/texmf-dist/fonts/type1/
public/amsfonts/cm/cmex10.pfb></usr/share/texmf-dist/fonts/type1/public/amsfont
s/cm/cmmi10.pfb></usr/share/texmf-dist/fonts/type1/public/amsfonts/cm/cmmi12.pf
b></usr/share/texmf-dist/fonts/type1/public/amsfonts/cm/cmmi7.pfb></usr/share/t
exmf-dist/fonts/type1/public/amsfonts/cm/cmmi8.pfb></usr/share/texmf-dist/fonts
/type1/public/amsfonts/cm/cmr10.pfb></usr/share/texmf-dist/fonts/type1/public/a
msfonts/cm/cmr12.pfb></usr/share/texmf-dist/fonts/type1/public/amsfonts/cm/cmr1
7.pfb></usr/share/texmf-dist/fonts/type1/public/amsfonts/cm/cmr8.pfb></usr/shar
e/texmf-dist/fonts/type1/public/amsfonts/cm/cmsy10.pfb></usr/share/texmf-dist/f
onts/type1/public/amsfonts/cm/cmsy8.pfb></usr/share/texmf-dist/fonts/type1/publ
ic/amsfonts/cm/cmti10.pfb></usr/share/texmf-dist/fonts/type1/public/amsfonts/cm
/cmtt10.pfb>
Output written on main.pdf (11 pages, 1632280 bytes).
PDF statistics:
 294 PDF objects out of 1000 (max. 8388607)
 94 compressed objects within 1 object stream
 0 named destinations out of 1000 (max. 500000)
 66 words of extra memory for PDF output out of 10000 (max. 10000000)

