This is pdfTeX, Version 3.141592653-2.6-1.40.29 (TeX Live 2026/Arch Linux) (preloaded format=pdflatex 2026.6.17)  31 JUL 2026 16:05
entering extended mode
 restricted \write18 enabled.
 %&-line parsing enabled.
**xqdrant_psb2027
(./xqdrant_psb2027.tex
LaTeX2e <2025-11-01>
L3 programming layer <2026-01-19>
(./ws-procs11x85.cls (/usr/share/texmf-dist/tex/latex/amsfonts/amsfonts.sty
Package: amsfonts 2013/01/14 v3.01 Basic AMSFonts support
\@emptytoks=\toks17
\symAMSa=\mathgroup4
\symAMSb=\mathgroup5
LaTeX Font Info:    Redeclaring math symbol \hbar on input line 98.
LaTeX Font Info:    Overwriting math alphabet `\mathfrak' in version `bold'
(Font)                  U/euf/m/n --> U/euf/b/n on input line 106.
)
(/usr/share/texmf-dist/tex/latex/amsfonts/amssymb.sty
Package: amssymb 2013/01/14 v3.01 AMS font symbols
)
(/usr/share/texmf-dist/tex/latex/amsmath/amsmath.sty
Package: amsmath 2025/07/09 v2.17z AMS math features
\@mathmargin=\skip49

For additional information on amsmath, use the `?' option.
(/usr/share/texmf-dist/tex/latex/amsmath/amstext.sty
Package: amstext 2024/11/17 v2.01 AMS text

(/usr/share/texmf-dist/tex/latex/amsmath/amsgen.sty
File: amsgen.sty 1999/11/30 v2.0 generic functions
\@emptytoks=\toks18
\ex@=\dimen148
))
(/usr/share/texmf-dist/tex/latex/amsmath/amsbsy.sty
Package: amsbsy 1999/11/29 v1.2d Bold Symbols
\pmbraise@=\dimen149
)
(/usr/share/texmf-dist/tex/latex/amsmath/amsopn.sty
Package: amsopn 2022/04/08 v2.04 operator names
)
\inf@bad=\count275
LaTeX Info: Redefining \frac on input line 233.
\uproot@=\count276
\leftroot@=\count277
LaTeX Info: Redefining \overline on input line 398.
LaTeX Info: Redefining \colon on input line 409.
\classnum@=\count278
\DOTSCASE@=\count279
LaTeX Info: Redefining \ldots on input line 495.
LaTeX Info: Redefining \dots on input line 498.
LaTeX Info: Redefining \cdots on input line 619.
\Mathstrutbox@=\box53
\strutbox@=\box54
LaTeX Info: Redefining \big on input line 721.
LaTeX Info: Redefining \Big on input line 722.
LaTeX Info: Redefining \bigg on input line 723.
LaTeX Info: Redefining \Bigg on input line 724.
\big@size=\dimen150
LaTeX Font Info:    Redeclaring font encoding OML on input line 742.
LaTeX Font Info:    Redeclaring font encoding OMS on input line 743.
\macc@depth=\count280
LaTeX Info: Redefining \bmod on input line 904.
LaTeX Info: Redefining \pmod on input line 909.
LaTeX Info: Redefining \smash on input line 939.
LaTeX Info: Redefining \relbar on input line 969.
LaTeX Info: Redefining \Relbar on input line 970.
\c@MaxMatrixCols=\count281
\dotsspace@=\muskip17
\c@parentequation=\count282
\dspbrk@lvl=\count283
\tag@help=\toks19
\row@=\count284
\column@=\count285
\maxfields@=\count286
\andhelp@=\toks20
\eqnshift@=\dimen151
\alignsep@=\dimen152
\tagshift@=\dimen153
\tagwidth@=\dimen154
\totwidth@=\dimen155
\lineht@=\dimen156
\@envbody=\toks21
\multlinegap=\skip50
\multlinetaggap=\skip51
\mathdisplay@stack=\toks22
LaTeX Info: Redefining \[ on input line 2950.
LaTeX Info: Redefining \] on input line 2951.
)
Document Class: ws-procs11x85 2000/12/15 v1.2u Standard LaTeX document class
\wsdraftrule=\dimen157
\minute=\count287
\hour=\count288
\trimheight=\dimen158
\trimwidth=\dimen159
\typeheight=\dimen160
\typewidth=\dimen161
\tempdimen=\dimen162
\tablewidth=\dimen163
\normaltextheight=\dimen164
\tempbox=\box55
\tablewd=\dimen165
\c@part=\count289
\c@ptitl=\count290
\@tempcntc=\count291
\c@section=\count292
\c@subsection=\count293
\c@subsubsection=\count294
\c@paragraph=\count295
\c@subparagraph=\count296
\abovecaptionskip=\skip52
\belowcaptionskip=\skip53
\captionbox=\box56
\c@figure=\count297
\c@table=\count298
\bibindent=\dimen166
\c@appendixc=\count299
\c@subappendixc=\count300
\c@subsubappendixc=\count301
(./ws-rotating.sty
Package: ws-rotating 1997/09/26, v2.13 Rotation package
 (/usr/share/texmf-dist/tex/latex/graphics/graphicx.sty
Package: graphicx 2024/12/31 v1.2e Enhanced LaTeX Graphics (DPC,SPQR)

(/usr/share/texmf-dist/tex/latex/graphics/keyval.sty
Package: keyval 2022/05/29 v1.15 key=value parser (DPC)
\KV@toks@=\toks23
)
(/usr/share/texmf-dist/tex/latex/graphics/graphics.sty
Package: graphics 2024/08/06 v1.4g Standard LaTeX Graphics (DPC,SPQR)

(/usr/share/texmf-dist/tex/latex/graphics/trig.sty
Package: trig 2023/12/02 v1.11 sin cos tan (DPC)
)
(/usr/share/texmf-dist/tex/latex/graphics-cfg/graphics.cfg
File: graphics.cfg 2016/06/04 v1.11 sample graphics configuration
)
Package graphics Info: Driver file: pdftex.def on input line 106.

(/usr/share/texmf-dist/tex/latex/graphics-def/pdftex.def
File: pdftex.def 2025/09/29 v1.2d Graphics/color driver for pdftex
))
\Gin@req@height=\dimen167
\Gin@req@width=\dimen168
)
(/usr/share/texmf-dist/tex/latex/base/ifthen.sty
Package: ifthen 2024/03/16 v1.1e Standard LaTeX ifthen package (DPC)
)
\c@r@tfl@t=\count302
\rot@float@box=\box57
)
(/usr/share/texmf-dist/tex/latex/url/url.sty
\Urlmuskip=\muskip18
Package: url 2013/09/16  ver 3.4  Verb mode for urls, etc.
) (./chapterbib.sty
Package: chapterbib 1999/02/16 v1.17 stub for PSB draft build
) (./cite.sty
LaTeX Info: Redefining \cite on input line 149.
LaTeX Info: Redefining \nocite on input line 214.
Package: cite 2003/11/04  v 4.01
LaTeX Info: Redefining \cite on input line 282.
))
(./ws-procs-thm.sty
Package: ws-procs-thm 2014/01/20 WSPC Theorem Style
\c@theorem=\count303
\c@algorithm=\count304
\c@assertion=\count305
\c@assumption=\count306
\c@claim=\count307
\c@conjecture=\count308
\c@convention=\count309
\c@corollary=\count310
\c@criterion=\count311
\c@definition=\count312
\c@example=\count313
\c@lemma=\count314
\c@notation=\count315
\c@observation=\count316
\c@problem=\count317
\c@prop=\count318
\c@proposition=\count319
\c@question=\count320
\c@remark=\count321
)
(/usr/share/texmf-dist/tex/latex/l3backend/l3backend-pdftex.def
File: l3backend-pdftex.def 2025-10-09 L3 backend support: PDF output (pdfTeX)
\l__color_backend_stack_int=\count322
)
(./xqdrant_psb2027.aux)
\openout1 = `xqdrant_psb2027.aux'.

LaTeX Font Info:    Checking defaults for OML/cmm/m/it on input line 13.
LaTeX Font Info:    ... okay on input line 13.
LaTeX Font Info:    Checking defaults for OMS/cmsy/m/n on input line 13.
LaTeX Font Info:    ... okay on input line 13.
LaTeX Font Info:    Checking defaults for OT1/cmr/m/n on input line 13.
LaTeX Font Info:    ... okay on input line 13.
LaTeX Font Info:    Checking defaults for T1/cmr/m/n on input line 13.
LaTeX Font Info:    ... okay on input line 13.
LaTeX Font Info:    Checking defaults for TS1/cmr/m/n on input line 13.
LaTeX Font Info:    ... okay on input line 13.
LaTeX Font Info:    Checking defaults for OMX/cmex/m/n on input line 13.
LaTeX Font Info:    ... okay on input line 13.
LaTeX Font Info:    Checking defaults for U/cmr/m/n on input line 13.
LaTeX Font Info:    ... okay on input line 13.

(/usr/share/texmf-dist/tex/context/base/mkii/supp-pdf.mkii
[Loading MPS to PDF converter (version 2006.09.02).]
\scratchcounter=\count323
\scratchdimen=\dimen169
\scratchbox=\box58
\nofMPsegments=\count324
\nofMParguments=\count325
\everyMPshowfont=\toks24
\MPscratchCnt=\count326
\MPscratchDim=\dimen170
\MPnumerator=\count327
\makeMPintoPDFobject=\count328
\everyMPtoPDFconversion=\toks25
) (/usr/share/texmf-dist/tex/latex/epstopdf-pkg/epstopdf-base.sty
Package: epstopdf-base 2020-01-24 v2.11 Base part for package epstopdf
Package epstopdf-base Info: Redefining graphics rule for `.eps' on input line 4
85.

(/usr/share/texmf-dist/tex/latex/latexconfig/epstopdf-sys.cfg
File: epstopdf-sys.cfg 2010/07/13 v1.3 Configuration of (r)epstopdf for TeX Liv
e
))
(./cover_letter.tex [1

{/var/lib/texmf/fonts/map/pdftex/updmap/pdftex.map}])
LaTeX Font Info:    Trying to load font information for U+msa on input line 17.


(/usr/share/texmf-dist/tex/latex/amsfonts/umsa.fd
File: umsa.fd 2013/01/14 v3.01 AMS symbols A
)
LaTeX Font Info:    Trying to load font information for U+msb on input line 17.


(/usr/share/texmf-dist/tex/latex/amsfonts/umsb.fd
File: umsb.fd 2013/01/14 v3.01 AMS symbols B
) [2]
<figures/pipeline_schematic.pdf, id=23, 574.54652pt x 170.26813pt>
File: figures/pipeline_schematic.pdf Graphic file (type pdf)
<use figures/pipeline_schematic.pdf>
Package pdftex.def Info: figures/pipeline_schematic.pdf  used on input line 72.

(pdftex.def)             Requested size: 453.13185pt x 134.28949pt.
 [3]
<figures/exp_a_retrieval_recall.pdf, id=29, 496.85625pt x 294.8709pt>
File: figures/exp_a_retrieval_recall.pdf Graphic file (type pdf)
<use figures/exp_a_retrieval_recall.pdf>
Package pdftex.def Info: figures/exp_a_retrieval_recall.pdf  used on input line
 111.
(pdftex.def)             Requested size: 438.82297pt x 260.43204pt.
 [4 <./figures/pipeline_schematic.pdf>]
<figures/exp_b_v3_violin_spearman.pdf, id=106, 365.50928pt x 280.17549pt>
File: figures/exp_b_v3_violin_spearman.pdf Graphic file (type pdf)
<use figures/exp_b_v3_violin_spearman.pdf>
Package pdftex.def Info: figures/exp_b_v3_violin_spearman.pdf  used on input li
ne 122.
(pdftex.def)             Requested size: 219.41512pt x 168.1921pt.
<figures/exp_b_v3_label_perm.pdf, id=107, 307.66505pt x 281.88156pt>
File: figures/exp_b_v3_label_perm.pdf Graphic file (type pdf)
<use figures/exp_b_v3_label_perm.pdf>
Package pdftex.def Info: figures/exp_b_v3_label_perm.pdf  used on input line 12
2.
(pdftex.def)             Requested size: 219.41512pt x 201.03195pt.
<figures/exp_b_v3_ablation_topn.pdf, id=108, 369.41449pt x 270.44173pt>
File: figures/exp_b_v3_ablation_topn.pdf Graphic file (type pdf)
<use figures/exp_b_v3_ablation_topn.pdf>
Package pdftex.def Info: figures/exp_b_v3_ablation_topn.pdf  used on input line
 128.
(pdftex.def)             Requested size: 262.34178pt x 192.05623pt.
<figures/exp_c_roc.pdf, id=109, 329.94722pt x 337.21922pt>
File: figures/exp_c_roc.pdf Graphic file (type pdf)
<use figures/exp_c_roc.pdf>
Package pdftex.def Info: figures/exp_c_roc.pdf  used on input line 138.
(pdftex.def)             Requested size: 357.73682pt x 365.62694pt.
<figures/exp_d_scatter_attribution_vs_delta.pdf, id=110, 570.57184pt x 539.7742
2pt>
File: figures/exp_d_scatter_attribution_vs_delta.pdf Graphic file (type pdf)
<use figures/exp_d_scatter_attribution_vs_delta.pdf>
Package pdftex.def Info: figures/exp_d_scatter_attribution_vs_delta.pdf  used o
n input line 148.
(pdftex.def)             Requested size: 438.82297pt x 415.14148pt.
<figures/exp_d_forest_significance.pdf, id=111, 444.28172pt x 270.44173pt>
File: figures/exp_d_forest_significance.pdf Graphic file (type pdf)
<use figures/exp_d_forest_significance.pdf>
Package pdftex.def Info: figures/exp_d_forest_significance.pdf  used on input l
ine 154.
(pdftex.def)             Requested size: 310.03566pt x 188.73431pt.
<figures/exp_d_groel_rsa.png, id=112, 2409.0pt x 1806.75pt>
File: figures/exp_d_groel_rsa.png Graphic file (type png)
<use figures/exp_d_groel_rsa.png>
Package pdftex.def Info: figures/exp_d_groel_rsa.png  used on input line 161.
(pdftex.def)             Requested size: 219.41512pt x 164.55786pt.
<figures/exp_d_groel_charged.png, id=114, 2409.0pt x 1806.75pt>
File: figures/exp_d_groel_charged.png Graphic file (type png)
<use figures/exp_d_groel_charged.png>
Package pdftex.def Info: figures/exp_d_groel_charged.png  used on input line 16
1.
(pdftex.def)             Requested size: 219.41512pt x 164.55786pt.
 [5 <./figures/exp_a_retrieval_recall.pdf>]
<figures/exp_e_attribution.png, id=180, 609.9588pt x 181.6386pt>
File: figures/exp_e_attribution.png Graphic file (type png)
<use figures/exp_e_attribution.png>
Package pdftex.def Info: figures/exp_e_attribution.png  used on input line 171.

(pdftex.def)             Requested size: 438.82297pt x 130.6799pt.
<figures/exp_f_workflow_time.png, id=181, 444.9423pt x 280.4076pt>
File: figures/exp_f_workflow_time.png Graphic file (type png)
<use figures/exp_f_workflow_time.png>
Package pdftex.def Info: figures/exp_f_workflow_time.png  used on input line 18
1.
(pdftex.def)             Requested size: 438.82297pt x 276.55182pt.
 [6 <./figures/exp_b_v3_violin_spearman.pdf> <./figures/exp_b_v3_label_perm.pdf
> <./figures/exp_b_v3_ablation_topn.pdf>]
<figures/exp_ablation_layer_pooling.png, id=332, 511.4307pt x 249.8133pt>
File: figures/exp_ablation_layer_pooling.png Graphic file (type png)
<use figures/exp_ablation_layer_pooling.png>
Package pdftex.def Info: figures/exp_ablation_layer_pooling.png  used on input 
line 191.
(pdftex.def)             Requested size: 357.73682pt x 174.74612pt.
 [7 <./figures/exp_c_roc.pdf>] (./xqdrant_psb2027.bbl
[8 <./figures/exp_d_scatter_attribution_vs_delta.pdf>]

LaTeX Warning: Text page  contains only floats.

[9 <./figures/exp_d_forest_significance.pdf> <./figures/exp_d_groel_rsa.png> <.
/figures/exp_d_groel_charged.png> <./figures/exp_e_attribution.png>]) [10 <./fi
gures/exp_f_workflow_time.png> <./figures/exp_ablation_layer_pooling.png>]
(./xqdrant_psb2027.aux) ) 
Here is how much of TeX's memory you used:
 3424 strings out of 469515
 50166 string characters out of 5470807
 450296 words of memory out of 5000000
 32044 multiletter control sequences out of 15000+600000
 639054 words of font info for 82 fonts, out of 8000000 for 9000
 14 hyphenation exceptions out of 8191
 87i,10n,93p,1216b,281s stack positions out of 10000i,1000n,20000p,200000b,200000s
 </home/golden5ragon/.texlive/texmf-var/fonts/pk/ljfou
r/jknappen/ec/tcrm1095.600pk></usr/share/texmf-dist/fonts/type1/public/amsfonts
/cm/cmbsy10.pfb></usr/share/texmf-dist/fonts/type1/public/amsfonts/cm/cmbx10.pf
b></usr/share/texmf-dist/fonts/type1/public/amsfonts/cm/cmbx12.pfb></usr/share/
texmf-dist/fonts/type1/public/amsfonts/cm/cmbxti10.pfb></usr/share/texmf-dist/f
onts/type1/public/amsfonts/cm/cmmi10.pfb></usr/share/texmf-dist/fonts/type1/pub
lic/amsfonts/cm/cmmib10.pfb></usr/share/texmf-dist/fonts/type1/public/amsfonts/
cm/cmr10.pfb></usr/share/texmf-dist/fonts/type1/public/amsfonts/cm/cmr12.pfb></
usr/share/texmf-dist/fonts/type1/public/amsfonts/cm/cmr8.pfb></usr/share/texmf-
dist/fonts/type1/public/amsfonts/cm/cmsy10.pfb></usr/share/texmf-dist/fonts/typ
e1/public/amsfonts/cm/cmsy8.pfb></usr/share/texmf-dist/fonts/type1/public/amsfo
nts/cm/cmti10.pfb></usr/share/texmf-dist/fonts/type1/public/amsfonts/cm/cmti12.
pfb></usr/share/texmf-dist/fonts/type1/public/amsfonts/cm/cmtt10.pfb></usr/shar
e/texmf-dist/fonts/type1/public/amsfonts/cm/cmtt12.pfb>
Output written on xqdrant_psb2027.pdf (10 pages, 2558240 bytes).
PDF statistics:
 591 PDF objects out of 1000 (max. 8388607)
 150 compressed objects within 2 object streams
 0 named destinations out of 1000 (max. 500000)
 66 words of extra memory for PDF output out of 10000 (max. 10000000)

