This is pdfTeX, Version 3.141592653-2.6-1.40.29 (TeX Live 2026) (preloaded format=pdflatex)
 restricted \write18 enabled.
entering extended mode
(./main.tex
LaTeX2e <2025-11-01>
L3 programming layer <2026-01-19>
(/usr/local/texlive/2026basic/texmf-dist/tex/latex/base/article.cls
Document Class: article 2025/01/22 v1.4n Standard LaTeX document class
(/usr/local/texlive/2026basic/texmf-dist/tex/latex/base/size11.clo))
(/usr/local/texlive/2026basic/texmf-dist/tex/latex/geometry/geometry.sty
(/usr/local/texlive/2026basic/texmf-dist/tex/latex/graphics/keyval.sty)
(/usr/local/texlive/2026basic/texmf-dist/tex/generic/iftex/ifvtex.sty
(/usr/local/texlive/2026basic/texmf-dist/tex/generic/iftex/iftex.sty)))
(/usr/local/texlive/2026basic/texmf-dist/tex/latex/graphics/graphicx.sty
(/usr/local/texlive/2026basic/texmf-dist/tex/latex/graphics/graphics.sty
(/usr/local/texlive/2026basic/texmf-dist/tex/latex/graphics/trig.sty)
(/usr/local/texlive/2026basic/texmf-dist/tex/latex/graphics-cfg/graphics.cfg)
(/usr/local/texlive/2026basic/texmf-dist/tex/latex/graphics-def/pdftex.def)))
(/usr/local/texlive/2026basic/texmf-dist/tex/latex/amsmath/amsmath.sty
For additional information on amsmath, use the `?' option.
(/usr/local/texlive/2026basic/texmf-dist/tex/latex/amsmath/amstext.sty
(/usr/local/texlive/2026basic/texmf-dist/tex/latex/amsmath/amsgen.sty))
(/usr/local/texlive/2026basic/texmf-dist/tex/latex/amsmath/amsbsy.sty)
(/usr/local/texlive/2026basic/texmf-dist/tex/latex/amsmath/amsopn.sty))
(/usr/local/texlive/2026basic/texmf-dist/tex/latex/amsfonts/amssymb.sty
(/usr/local/texlive/2026basic/texmf-dist/tex/latex/amsfonts/amsfonts.sty))
(/usr/local/texlive/2026basic/texmf-dist/tex/latex/url/url.sty)
(/usr/local/texlive/2026basic/texmf-dist/tex/latex/tools/array.sty)
(/usr/local/texlive/2026basic/texmf-dist/tex/latex/l3backend/l3backend-pdftex.d
ef) (./main.aux)
*geometry* driver: auto-detecting
*geometry* detected driver: pdftex
(/usr/local/texlive/2026basic/texmf-dist/tex/context/base/mkii/supp-pdf.mkii
[Loading MPS to PDF converter (version 2006.09.02).]
)
(/usr/local/texlive/2026basic/texmf-dist/tex/latex/epstopdf-pkg/epstopdf-base.s
ty
(/usr/local/texlive/2026basic/texmf-dist/tex/latex/latexconfig/epstopdf-sys.cfg
)) (/usr/local/texlive/2026basic/texmf-dist/tex/latex/amsfonts/umsa.fd)
(/usr/local/texlive/2026basic/texmf-dist/tex/latex/amsfonts/umsb.fd) [1{/usr/lo
cal/texlive/2026basic/texmf-var/fonts/map/pdftex/updmap/pdftex.map}]
Overfull \hbox (55.06483pt too wide) in paragraph at lines 115--118
[]\OT1/cmr/bx/n/10.95 Reproducible ar-ti-facts. \OT1/cmr/m/n/10.95 A cu-rated e
x-per-i-ment in-dex and har-ness un-der \OT1/cmtt/m/n/10.95 DB[]systems/experim
ents/

LaTeX Warning: Reference `sec:eval' on page 2 undefined on input line 148.


LaTeX Warning: Reference `alg:attribution' on page 2 undefined on input line 15
7.

[2{/usr/local/texlive/2026basic/texmf-dist/fonts/enc/dvips/cm-super/cm-super-ts
1.enc}]

LaTeX Warning: Reference `sec:eval-attr' on page 3 undefined on input line 177.



LaTeX Warning: Reference `sec:masked' on page 3 undefined on input line 179.


LaTeX Warning: Reference `tab:namemap' on page 3 undefined on input line 188.


LaTeX Warning: Reference `sec:masked' on page 3 undefined on input line 192.


LaTeX Warning: Reference `sec:eval' on page 3 undefined on input line 192.


Underfull \hbox (badness 10000) in paragraph at lines 203--204
[]|\OT1/cmr/m/n/10 Repack-then-score vs. SIMD

Underfull \hbox (badness 10000) in paragraph at lines 204--205
[]|\OT1/cmr/m/n/10 Optional post-traversal full-

Underfull \hbox (badness 4699) in paragraph at lines 204--205
\OT1/cmr/m/n/10 distance rescore, or-thog-o-nal to

LaTeX Warning: Reference `sec:eval-m1' on page 3 undefined on input line 232.

[3]
Overfull \hbox (38.3981pt too wide) in paragraph at lines 253--259
\OT1/cmr/m/n/10.95 SIMD ker-nels (\OT1/cmr/m/it/10.95 repack\OT1/cmr/m/n/10.95 
), or gather them di-rectly in-register (AVX2 \OT1/cmtt/m/n/10.95 vgatherdps \O
T1/cmr/m/n/10.95 for Dot/Cosine/Euclidean

Overfull \hbox (10.72806pt too wide) in paragraph at lines 253--259
\OT1/cmr/m/n/10.95 on x86, scalar fall-back else-where). We add the gather path
, se-lectable via \OT1/cmtt/m/n/10.95 XQDRANT[]MASKED[]KERNEL\OT1/cmr/m/n/10.95
 ,

LaTeX Warning: Reference `sec:eval-verify' on page 4 undefined on input line 26
9.


LaTeX Warning: Reference `tab:keep' on page 4 undefined on input line 276.


Overfull \hbox (55.8633pt too wide) in paragraph at lines 287--296
 \OT1/cmr/bx/n/10.95 Masked-distance suite.[] \OT1/cmr/m/n/10.95 HTTP against a
 re-lease XQ-drant bi-nary, with \OT1/cmtt/m/n/10.95 XQDRANT[]MASKED[]KERNEL=ga
ther
[4]

LaTeX Warning: Reference `fig:latency-recall' on page 5 undefined on input line
 300.


LaTeX Warning: Reference `fig:attribution-depth' on page 5 undefined on input l
ine 302.


LaTeX Warning: Reference `fig:subspace-rescore' on page 5 undefined on input li
ne 305.


LaTeX Warning: Reference `fig:m1' on page 5 undefined on input line 340.


LaTeX Warning: Reference `sec:background' on page 5 undefined on input line 344
.

[5 <./figures/plot1_latency_recall_d768.pdf>]

LaTeX Warning: Reference `fig:m2' on page 6 undefined on input line 360.


LaTeX Warning: Reference `sec:eval-coherence' on page 6 undefined on input line
 366.


LaTeX Warning: Reference `fig:m2-speed' on page 6 undefined on input line 369.


LaTeX Warning: Reference `sec:eval-kernel' on page 6 undefined on input line 37
0.


LaTeX Warning: Reference `sec:eval-coherence' on page 6 undefined on input line
 386.


LaTeX Warning: Reference `sec:eval-coherence' on page 6 undefined on input line
 386.


LaTeX Warning: Reference `fig:kernel' on page 6 undefined on input line 401.


LaTeX Warning: Reference `sec:eval-m2' on page 6 undefined on input line 410.


LaTeX Warning: Reference `sec:eval-m2' on page 6 undefined on input line 423.


LaTeX Warning: Reference `fig:coherence' on page 6 undefined on input line 423.



LaTeX Warning: Reference `sec:eval-m2' on page 6 undefined on input line 431.


LaTeX Warning: Reference `sec:eval-verify' on page 6 undefined on input line 43
3.

[6 <./figures/plot3_attribution_depth_d768.pdf>]

LaTeX Warning: Reference `fig:m2-d768' on page 7 undefined on input line 446.


LaTeX Warning: Reference `fig:m2-d768' on page 7 undefined on input line 446.


LaTeX Warning: Reference `sec:masked' on page 7 undefined on input line 455.


LaTeX Warning: Reference `fig:verify' on page 7 undefined on input line 459.


LaTeX Warning: Reference `sec:eval-coherence' on page 7 undefined on input line
 463.


LaTeX Warning: Reference `fig:m3' on page 7 undefined on input line 487.

[7 <./figures/plot4_subspace_speedup_d768.pdf>]

LaTeX Warning: Reference `tab:keep' on page 8 undefined on input line 504.


LaTeX Warning: Reference `sec:eval-attr' on page 8 undefined on input line 506.



LaTeX Warning: Reference `sec:eval-m1' on page 8 undefined on input line 507.


LaTeX Warning: Reference `sec:eval-m2' on page 8 undefined on input line 508.


LaTeX Warning: Reference `sec:eval-kernel' on page 8 undefined on input line 50
9.


LaTeX Warning: Reference `sec:eval-coherence' on page 8 undefined on input line
 510.


LaTeX Warning: Reference `sec:eval-verify' on page 8 undefined on input line 51
1.


LaTeX Warning: Reference `sec:eval-m3' on page 8 undefined on input line 512.


LaTeX Warning: Reference `sec:eval-attr' on page 8 undefined on input line 524.



LaTeX Warning: Reference `sec:eval-m1' on page 8 undefined on input line 525.


Underfull \hbox (badness 4859) in paragraph at lines 525--526
[]|\OT1/cmr/m/n/10 Full-GT col-lapse on SIFT

Underfull \hbox (badness 10000) in paragraph at lines 526--527
[]|\OT1/cmr/m/n/10 Restores nav-i-ga-bil-ity; e2e

Underfull \hbox (badness 10000) in paragraph at lines 530--531
[]|\OT1/cmr/m/n/10 Helps on co-her-ent data;

LaTeX Warning: Reference `sec:eval-m1' on page 8 undefined on input line 560.


LaTeX Warning: Reference `sec:discussion' on page 8 undefined on input line 562
.

[8 <./figures/fig_option1_sift.png>]

LaTeX Warning: Reference `sec:eval-verify' on page 9 undefined on input line 57
3.


LaTeX Warning: Reference `sec:eval-kernel' on page 9 undefined on input line 58
0.

[9 <./figures/fig_option2_sift_recall.png>]

LaTeX Warning: Reference `sec:related' on page 10 undefined on input line 590.

[10 <./figures/fig_option2_d768_recall.png>]

LaTeX Warning: Reference `sec:eval-coherence' on page 11 undefined on input lin
e 599.


LaTeX Warning: Reference `sec:eval-kernel' on page 11 undefined on input line 6
02.

[11 <./figures/fig_option2_sift_speedup.png>] [12 <./figures/fig_xcut1_kernels.
png>]
Underfull \hbox (badness 4242) in paragraph at lines 690--694
[]\OT1/cmr/m/n/10.95 XQdrant Con-trib-u-tors. XQ-drant: Di-men-sion ex-plain-ab
il-ity and masked-distance
[13 <./figures/fig_xcut2_sift.png>] [14 <./figures/fig_xcut2_d768.png>]
[15 <./figures/fig_xcut3_sift_full.png>] [16 <./figures/fig_xcut3_d768_full.png
> <./figures/fig_option4_sift.png>] (./main.aux)

LaTeX Warning: There were undefined references.


LaTeX Warning: Label(s) may have changed. Rerun to get cross-references right.

 )
(see the transcript file for additional information)</usr/local/texlive/2026bas
ic/texmf-dist/fonts/type1/public/amsfonts/cm/cmbx10.pfb></usr/local/texlive/202
6basic/texmf-dist/fonts/type1/public/amsfonts/cm/cmbx12.pfb></usr/local/texlive
/2026basic/texmf-dist/fonts/type1/public/amsfonts/cm/cmcsc10.pfb></usr/local/te
xlive/2026basic/texmf-dist/fonts/type1/public/amsfonts/cm/cmex10.pfb></usr/loca
l/texlive/2026basic/texmf-dist/fonts/type1/public/amsfonts/cm/cmmi10.pfb></usr/
local/texlive/2026basic/texmf-dist/fonts/type1/public/amsfonts/cm/cmmi7.pfb></u
sr/local/texlive/2026basic/texmf-dist/fonts/type1/public/amsfonts/cm/cmmi8.pfb>
</usr/local/texlive/2026basic/texmf-dist/fonts/type1/public/amsfonts/cm/cmr10.p
fb></usr/local/texlive/2026basic/texmf-dist/fonts/type1/public/amsfonts/cm/cmr1
2.pfb></usr/local/texlive/2026basic/texmf-dist/fonts/type1/public/amsfonts/cm/c
mr17.pfb></usr/local/texlive/2026basic/texmf-dist/fonts/type1/public/amsfonts/c
m/cmr7.pfb></usr/local/texlive/2026basic/texmf-dist/fonts/type1/public/amsfonts
/cm/cmr8.pfb></usr/local/texlive/2026basic/texmf-dist/fonts/type1/public/amsfon
ts/cm/cmsy10.pfb></usr/local/texlive/2026basic/texmf-dist/fonts/type1/public/am
sfonts/cm/cmsy8.pfb></usr/local/texlive/2026basic/texmf-dist/fonts/type1/public
/amsfonts/cm/cmti10.pfb></usr/local/texlive/2026basic/texmf-dist/fonts/type1/pu
blic/amsfonts/cm/cmtt10.pfb></usr/local/texlive/2026basic/texmf-dist/fonts/type
1/public/cm-super/sfrm1000.pfb></usr/local/texlive/2026basic/texmf-dist/fonts/t
ype1/public/cm-super/sfrm1095.pfb>
Output written on main.pdf (16 pages, 1655455 bytes).
Transcript written on main.log.
