This is pdfTeX, Version 3.141592653-2.6-1.40.29 (TeX Live 2026/Arch Linux) (preloaded format=pdflatex)
 restricted \write18 enabled.
entering extended mode
(./main.tex
LaTeX2e <2025-11-01>
L3 programming layer <2026-01-19>
(/usr/share/texmf-dist/tex/latex/base/article.cls
Document Class: article 2025/01/22 v1.4n Standard LaTeX document class
(/usr/share/texmf-dist/tex/latex/base/size11.clo))
(/usr/share/texmf-dist/tex/latex/geometry/geometry.sty
(/usr/share/texmf-dist/tex/latex/graphics/keyval.sty)
(/usr/share/texmf-dist/tex/generic/iftex/ifvtex.sty
(/usr/share/texmf-dist/tex/generic/iftex/iftex.sty)))
(/usr/share/texmf-dist/tex/latex/graphics/graphicx.sty
(/usr/share/texmf-dist/tex/latex/graphics/graphics.sty
(/usr/share/texmf-dist/tex/latex/graphics/trig.sty)
(/usr/share/texmf-dist/tex/latex/graphics-cfg/graphics.cfg)
(/usr/share/texmf-dist/tex/latex/graphics-def/pdftex.def)))
(/usr/share/texmf-dist/tex/latex/amsmath/amsmath.sty
For additional information on amsmath, use the `?' option.
(/usr/share/texmf-dist/tex/latex/amsmath/amstext.sty
(/usr/share/texmf-dist/tex/latex/amsmath/amsgen.sty))
(/usr/share/texmf-dist/tex/latex/amsmath/amsbsy.sty)
(/usr/share/texmf-dist/tex/latex/amsmath/amsopn.sty))
(/usr/share/texmf-dist/tex/latex/amsfonts/amssymb.sty
(/usr/share/texmf-dist/tex/latex/amsfonts/amsfonts.sty))
(/usr/share/texmf-dist/tex/latex/url/url.sty)
(/usr/share/texmf-dist/tex/latex/tools/array.sty)
(/usr/share/texmf-dist/tex/latex/l3backend/l3backend-pdftex.def) (./main.aux)
*geometry* driver: auto-detecting
*geometry* detected driver: pdftex
(/usr/share/texmf-dist/tex/context/base/mkii/supp-pdf.mkii
[Loading MPS to PDF converter (version 2006.09.02).]
) (/usr/share/texmf-dist/tex/latex/epstopdf-pkg/epstopdf-base.sty
(/usr/share/texmf-dist/tex/latex/latexconfig/epstopdf-sys.cfg))
(/usr/share/texmf-dist/tex/latex/amsfonts/umsa.fd)
(/usr/share/texmf-dist/tex/latex/amsfonts/umsb.fd) [1{/var/lib/texmf/fonts/map/
pdftex/updmap/pdftex.map}]
Overfull \hbox (21.2898pt too wide) in paragraph at lines 118--123
\OT1/cmr/m/n/10.95 clidean/Manhattan ad-mit anal-o-gous ad-di-tive terms [[], [
]].

LaTeX Warning: Reference `sec:eval-attr' on page 2 undefined on input line 158.


[2]
Overfull \hbox (23.39165pt too wide) in paragraph at lines 175--179
\OT1/cmr/m/n/10.95 Constraints mir-ror dense lo-cal search: no quan-ti-za-tion/
turbo, no si-mul-ta-ne-ous \OT1/cmtt/m/n/10.95 with[]dims[]explained

Overfull \hbox (102.40088pt too wide) in paragraph at lines 230--236
 \OT1/cmr/bx/n/10.95 Masked-distance suite.[] \OT1/cmr/m/n/10.95 HTTP against a
 re-lease XQ-drant bi-nary, typ-i-cally with \OT1/cmtt/m/n/10.95 XQDRANT[]MASKE
D[]KERNEL=gather\OT1/cmr/m/n/10.95 .

Overfull \hbox (28.80127pt too wide) in paragraph at lines 230--236
\OT1/cmr/m/n/10.95 Cor-pora: SIFT1M ($\OML/cmm/m/it/10.95 D[]\OT1/cmr/m/n/10.95
 128$) and syn-thetic $\OML/cmm/m/it/10.95 N[]\OT1/cmr/m/n/10.95 50k$ at $\OML/
cmm/m/it/10.95 D \OMS/cmsy/m/n/10.95 2 f\OT1/cmr/m/n/10.95 768\OML/cmm/m/it/10.
95 ; \OT1/cmr/m/n/10.95 1536\OMS/cmsy/m/n/10.95 g$\OT1/cmr/m/n/10.95 , $\OML/cm
m/m/it/10.95 Q[]\OT1/cmr/m/n/10.95 500$, $\OML/cmm/m/it/10.95 k[]\OT1/cmr/m/n/1
0.95 10$, $[][]128$.
[3]

LaTeX Warning: Reference `fig:subspace-rescore' on page 4 undefined on input li
ne 246.


LaTeX Warning: Reference `fig:option1' on page 4 undefined on input line 274.


LaTeX Warning: Reference `fig:option2' on page 4 undefined on input line 288.


LaTeX Warning: Reference `fig:option2-speed' on page 4 undefined on input line 
294.


LaTeX Warning: Reference `fig:xcut1' on page 4 undefined on input line 321.


Overfull \hbox (2.04216pt too wide) in paragraph at lines 321--325
\OT1/cmr/m/n/10.95 Figure []: gather is $\OMS/cmsy/m/n/10.95 ^^X$\OT1/cmr/m/n/1
0.95 1.24$\OMS/cmsy/m/n/10.95 ^^B$\OT1/cmr/m/n/10.95 /1.14$\OMS/cmsy/m/n/10.95 
^^B$\OT1/cmr/m/n/10.95 /1.42$\OMS/cmsy/m/n/10.95 ^^B$\OT1/cmr/m/n/10.95 /1.77$\
OMS/cmsy/m/n/10.95 ^^B$ \OT1/cmr/m/n/10.95 faster than repack at $\OML/cmm/m/it
/10.95 D[] \OMS/cmsy/m/n/10.95 2 f\OT1/cmr/m/n/10.95 32\OML/cmm/m/it/10.95 ; \O
T1/cmr/m/n/10.95 128\OML/cmm/m/it/10.95 ; \OT1/cmr/m/n/10.95 384\OML/cmm/m/it/1
0.95 ; \OT1/cmr/m/n/10.95 768\OMS/cmsy/m/n/10.95 g$
[4 <./figures/plot1_latency_recall_d768.pdf>]

LaTeX Warning: Reference `fig:xcut2' on page 5 undefined on input line 335.


LaTeX Warning: Reference `fig:xcut3' on page 5 undefined on input line 364.


LaTeX Warning: Reference `fig:option4' on page 5 undefined on input line 384.


LaTeX Warning: Reference `fig:subspace-rescore' on page 5 undefined on input li
ne 409.


LaTeX Warning: Reference `fig:option1' on page 5 undefined on input line 410.


Overfull \hbox (123.51456pt too wide) in paragraph at lines 426--429
 \OT1/cmr/bx/n/10.95 Vec-tor databases.[] \OT1/cmr/m/n/10.95 Mil-vus [[]], Pine
cone [[]], and Qdrant [[]]
[5 <./figures/plot3_attribution_depth_d768.pdf>] [6 <./figures/plot4_subspace_s
peedup_d768.pdf>] [7 <./figures/fig_option1_sift.png>] [8 <./figures/fig_option
2_sift_recall.png> <./figures/fig_option2_d768_recall.png>]
Underfull \hbox (badness 4242) in paragraph at lines 546--550
[]\OT1/cmr/m/n/10.95 XQdrant Con-trib-u-tors. XQ-drant: Di-men-sion ex-plain-ab
il-ity and masked-distance
[9 <./figures/fig_option2_sift_speedup.png>] [10 <./figures/fig_xcut1_kernels.p
ng> <./figures/fig_xcut2_sift.png> <./figures/fig_xcut2_d768.png>] [11 <./figur
es/fig_xcut3_sift_full.png> <./figures/fig_xcut3_d768_full.png> <./figures/fig_
option4_sift.png>] (./main.aux)
kpathsea: Running mktexpk --mfmode / --bdpi 600 --mag 1+0/600 --dpi 600 tcrm1095
mktexpk: Running mf-nowin -progname=mf \mode:=ljfour; mag:=1+0/600; nonstopmode; input tcrm1095
This is METAFONT, Version 2.71828182 (TeX Live 2026/Arch Linux) (preloaded base=mf)

(/usr/share/texmf-dist/fonts/source/jknappen/ec/tcrm1095.mf
(/usr/share/texmf-dist/fonts/source/jknappen/ec/exbase.mf)
(/usr/share/texmf-dist/fonts/source/jknappen/ec/tcrm.mf
(/usr/share/texmf-dist/fonts/source/jknappen/ec/txsymb.mf
 Ok (/usr/share/texmf-dist/fonts/source/jknappen/ec/exaccess.mf
 Ok) (/usr/share/texmf-dist/fonts/source/jknappen/ec/txpseudo.mf
 Ok) (/usr/share/texmf-dist/fonts/source/jknappen/ec/txaccent.mf
 Ok [0] [1] [2] [3] [4] [5] [6] [7] [8] [9] [10] [11] [12] [27] [29])
(/usr/share/texmf-dist/fonts/source/jknappen/ec/txgen.mf
 Ok [100] [109] [98] [99] [108])
(/usr/share/texmf-dist/fonts/source/jknappen/ec/txsymbol.mf
 Ok [13] [18] [21] [22] [23] [24] [25] [26] [28] [31] [32] [36] [39] [44]
[45] [46] [42] [47] [60] [61] [62] [77] [79] [87] [110] [91] [93] [94] [95]
[96] [126] [127] [128] [129] [130] [131] [132] [133] [134] [135] [136] [137]
[138] [139] [140] [141] [142] [143] [144] [145] [146] [147] [148] [149]
[150] [151] [152] [153] [154] [155] [156] [157] [158] [159] [160] [161]
[162] [163] [164] [165] [166] [167] [168] [169] [171] [172] [173] [174]
[175] [177] [176] [180] [181] [182] [183] [184] [187] [191] [214] [246])
(/usr/share/texmf-dist/fonts/source/jknappen/ec/txromod.mf
 Ok [48] [49] [50] [51] [52] [53] [54] [55] [56] [57])
(/usr/share/texmf-dist/fonts/source/jknappen/ec/txrsuper.mf
 Ok [185] [178] [179] [170] [186])
(/usr/share/texmf-dist/fonts/source/jknappen/ec/txrfract.mf
 Ok [188] [189] [190]) ) ) )
(some charht values had to be adjusted by as much as 0.06952pt)
Font metrics written on tcrm1095.tfm.
Output written on tcrm1095.600gf (128 characters, 25592 bytes).
Transcript written on tcrm1095.log.
mktexpk: /home/golden5ragon/.texlive/texmf-var/fonts/pk/ljfour/jknappen/ec/tcrm1095.600pk: successfully generated.


LaTeX Warning: There were undefined references.


LaTeX Warning: Label(s) may have changed. Rerun to get cross-references right.

 )
(see the transcript file for additional information) </home/golden5ragon/.texli
ve/texmf-var/fonts/pk/ljfour/jknappen/ec/tcrm1095.600pk></usr/share/texmf-dist/
fonts/type1/public/amsfonts/cm/cmbx10.pfb></usr/share/texmf-dist/fonts/type1/pu
blic/amsfonts/cm/cmbx12.pfb></usr/share/texmf-dist/fonts/type1/public/amsfonts/
cm/cmcsc10.pfb></usr/share/texmf-dist/fonts/type1/public/amsfonts/cm/cmex10.pfb
></usr/share/texmf-dist/fonts/type1/public/amsfonts/cm/cmmi10.pfb></usr/share/t
exmf-dist/fonts/type1/public/amsfonts/cm/cmmi12.pfb></usr/share/texmf-dist/font
s/type1/public/amsfonts/cm/cmmi7.pfb></usr/share/texmf-dist/fonts/type1/public/
amsfonts/cm/cmmi8.pfb></usr/share/texmf-dist/fonts/type1/public/amsfonts/cm/cmr
10.pfb></usr/share/texmf-dist/fonts/type1/public/amsfonts/cm/cmr12.pfb></usr/sh
are/texmf-dist/fonts/type1/public/amsfonts/cm/cmr17.pfb></usr/share/texmf-dist/
fonts/type1/public/amsfonts/cm/cmr8.pfb></usr/share/texmf-dist/fonts/type1/publ
ic/amsfonts/cm/cmsy10.pfb></usr/share/texmf-dist/fonts/type1/public/amsfonts/cm
/cmsy8.pfb></usr/share/texmf-dist/fonts/type1/public/amsfonts/cm/cmti10.pfb></u
sr/share/texmf-dist/fonts/type1/public/amsfonts/cm/cmtt10.pfb>
Output written on main.pdf (11 pages, 1632788 bytes).
Transcript written on main.log.
