This is pdfTeX, Version 3.141592653-2.6-1.40.29 (TeX Live 2026/Arch Linux) (preloaded format=pdflatex)
 restricted \write18 enabled.
entering extended mode
(./main.tex
LaTeX2e <2025-11-01>
L3 programming layer <2026-01-19>
(/usr/share/texmf-dist/tex/latex/base/article.cls
Document Class: article 2025/01/22 v1.4n Standard LaTeX document class
(/usr/share/texmf-dist/tex/latex/base/size11.clo))
(/usr/share/texmf-dist/tex/latex/geometry/geometry.sty
(/usr/share/texmf-dist/tex/latex/graphics/keyval.sty)
(/usr/share/texmf-dist/tex/generic/iftex/ifvtex.sty
(/usr/share/texmf-dist/tex/generic/iftex/iftex.sty)))
(/usr/share/texmf-dist/tex/latex/graphics/graphicx.sty
(/usr/share/texmf-dist/tex/latex/graphics/graphics.sty
(/usr/share/texmf-dist/tex/latex/graphics/trig.sty)
(/usr/share/texmf-dist/tex/latex/graphics-cfg/graphics.cfg)
(/usr/share/texmf-dist/tex/latex/graphics-def/pdftex.def)))
(/usr/share/texmf-dist/tex/latex/amsmath/amsmath.sty
For additional information on amsmath, use the `?' option.
(/usr/share/texmf-dist/tex/latex/amsmath/amstext.sty
(/usr/share/texmf-dist/tex/latex/amsmath/amsgen.sty))
(/usr/share/texmf-dist/tex/latex/amsmath/amsbsy.sty)
(/usr/share/texmf-dist/tex/latex/amsmath/amsopn.sty))
(/usr/share/texmf-dist/tex/latex/amsfonts/amssymb.sty
(/usr/share/texmf-dist/tex/latex/amsfonts/amsfonts.sty))
(/usr/share/texmf-dist/tex/latex/url/url.sty)
(/usr/share/texmf-dist/tex/latex/tools/array.sty)
(/usr/share/texmf-dist/tex/latex/l3backend/l3backend-pdftex.def) (./main.aux)
*geometry* driver: auto-detecting
*geometry* detected driver: pdftex
(/usr/share/texmf-dist/tex/context/base/mkii/supp-pdf.mkii
[Loading MPS to PDF converter (version 2006.09.02).]
) (/usr/share/texmf-dist/tex/latex/epstopdf-pkg/epstopdf-base.sty
(/usr/share/texmf-dist/tex/latex/latexconfig/epstopdf-sys.cfg))
(/usr/share/texmf-dist/tex/latex/amsfonts/umsa.fd)
(/usr/share/texmf-dist/tex/latex/amsfonts/umsb.fd)
Overfull \hbox (1.90254pt too wide) in paragraph at lines 65--78
\OT1/cmr/m/n/10.95 men-da-tion, and se-man-tic search [[], [], []]. Pro-duc-tio
n en-gines typ-i-cally tra-verse HNSW graphs [[]],
[1{/var/lib/texmf/fonts/map/pdftex/updmap/pdftex.map}] [2]
Overfull \hbox (23.39165pt too wide) in paragraph at lines 175--179
\OT1/cmr/m/n/10.95 Constraints mir-ror dense lo-cal search: no quan-ti-za-tion/
turbo, no si-mul-ta-ne-ous \OT1/cmtt/m/n/10.95 with[]dims[]explained

Overfull \hbox (102.40088pt too wide) in paragraph at lines 230--236
 \OT1/cmr/bx/n/10.95 Masked-distance suite.[] \OT1/cmr/m/n/10.95 HTTP against a
 re-lease XQ-drant bi-nary, typ-i-cally with \OT1/cmtt/m/n/10.95 XQDRANT[]MASKE
D[]KERNEL=gather\OT1/cmr/m/n/10.95 .

Overfull \hbox (28.80127pt too wide) in paragraph at lines 230--236
\OT1/cmr/m/n/10.95 Cor-pora: SIFT1M ($\OML/cmm/m/it/10.95 D[]\OT1/cmr/m/n/10.95
 128$) and syn-thetic $\OML/cmm/m/it/10.95 N[]\OT1/cmr/m/n/10.95 50k$ at $\OML/
cmm/m/it/10.95 D \OMS/cmsy/m/n/10.95 2 f\OT1/cmr/m/n/10.95 768\OML/cmm/m/it/10.
95 ; \OT1/cmr/m/n/10.95 1536\OMS/cmsy/m/n/10.95 g$\OT1/cmr/m/n/10.95 , $\OML/cm
m/m/it/10.95 Q[]\OT1/cmr/m/n/10.95 500$, $\OML/cmm/m/it/10.95 k[]\OT1/cmr/m/n/1
0.95 10$, $[][]128$.
[3]
Overfull \hbox (100.34827pt too wide) in paragraph at lines 274--277
\OT1/cmr/m/n/10.95 Figure 5[]: on SIFT1M, all-layer masked search vs. \OT1/cmr/
m/it/10.95 full \OT1/cmr/m/n/10.95 ground truth yields Re-call@10 $\OMS/cmsy/m/
n/10.95 ^^Y \OT1/cmr/m/n/10.95 0\OML/cmm/m/it/10.95 :\OT1/cmr/m/n/10.95 006\OML
/cmm/m/it/10.95 =\OT1/cmr/m/n/10.95 0\OML/cmm/m/it/10.95 :\OT1/cmr/m/n/10.95 07
9\OML/cmm/m/it/10.95 =\OT1/cmr/m/n/10.95 0\OML/cmm/m/it/10.95 :\OT1/cmr/m/n/10.
95 257\OML/cmm/m/it/10.95 =\OT1/cmr/m/n/10.95 0\OML/cmm/m/it/10.95 :\OT1/cmr/m/
n/10.95 464\OML/cmm/m/it/10.95 =\OT1/cmr/m/n/10.95 0\OML/cmm/m/it/10.95 :\OT1/c
mr/m/n/10.95 989$
[4 <./figures/plot1_latency_recall_d768.pdf>] [5 <./figures/plot3_attribution_d
epth_d768.pdf>] [6 <./figures/plot4_subspace_speedup_d768.pdf>] [7 <./figures/f
ig_option1_sift.png>] [8 <./figures/fig_option2_sift_recall.png> <./figures/fig
_option2_d768_recall.png>]
Underfull \hbox (badness 4242) in paragraph at lines 546--550
[]\OT1/cmr/m/n/10.95 XQdrant Con-trib-u-tors. XQ-drant: Di-men-sion ex-plain-ab
il-ity and masked-distance
[9 <./figures/fig_option2_sift_speedup.png>] [10 <./figures/fig_xcut1_kernels.p
ng> <./figures/fig_xcut2_sift.png> <./figures/fig_xcut2_d768.png>] [11 <./figur
es/fig_xcut3_sift_full.png> <./figures/fig_xcut3_d768_full.png> <./figures/fig_
option4_sift.png>] (./main.aux) )
(see the transcript file for additional information) </home/golden5ragon/.texli
ve/texmf-var/fonts/pk/ljfour/jknappen/ec/tcrm1095.600pk></usr/share/texmf-dist/
fonts/type1/public/amsfonts/cm/cmbx10.pfb></usr/share/texmf-dist/fonts/type1/pu
blic/amsfonts/cm/cmbx12.pfb></usr/share/texmf-dist/fonts/type1/public/amsfonts/
cm/cmcsc10.pfb></usr/share/texmf-dist/fonts/type1/public/amsfonts/cm/cmex10.pfb
></usr/share/texmf-dist/fonts/type1/public/amsfonts/cm/cmmi10.pfb></usr/share/t
exmf-dist/fonts/type1/public/amsfonts/cm/cmmi12.pfb></usr/share/texmf-dist/font
s/type1/public/amsfonts/cm/cmmi7.pfb></usr/share/texmf-dist/fonts/type1/public/
amsfonts/cm/cmmi8.pfb></usr/share/texmf-dist/fonts/type1/public/amsfonts/cm/cmr
10.pfb></usr/share/texmf-dist/fonts/type1/public/amsfonts/cm/cmr12.pfb></usr/sh
are/texmf-dist/fonts/type1/public/amsfonts/cm/cmr17.pfb></usr/share/texmf-dist/
fonts/type1/public/amsfonts/cm/cmr8.pfb></usr/share/texmf-dist/fonts/type1/publ
ic/amsfonts/cm/cmsy10.pfb></usr/share/texmf-dist/fonts/type1/public/amsfonts/cm
/cmsy8.pfb></usr/share/texmf-dist/fonts/type1/public/amsfonts/cm/cmti10.pfb></u
sr/share/texmf-dist/fonts/type1/public/amsfonts/cm/cmtt10.pfb>
Output written on main.pdf (11 pages, 1632280 bytes).
Transcript written on main.log.
